// Vitest Snapshot v1, https://vitest.dev/guide/snapshot.html

exports[`App Snapshots > should match snapshot 1`] = `
<div>
  <h1>
    Hello World
  </h1>
</div>
`;
